Archive member included to satisfy reference by file (symbol)

/opt/ST/STM32CubeCLT_1.19.0/GNU-tools-for-STM32/bin/../lib/gcc/arm-none-eabi/13.3.1/thumb/v7e-m+fp/hard/libgcc.a(_aeabi_uldivmod.o)
                              cmake/stm32cubemx/CMakeFiles/STM32_Drivers.dir/__/__/Drivers/STM32F4xx_HAL_Driver/Src/stm32f4xx_hal_rcc.c.obj (__aeabi_uldivmod)
/opt/ST/STM32CubeCLT_1.19.0/GNU-tools-for-STM32/bin/../lib/gcc/arm-none-eabi/13.3.1/thumb/v7e-m+fp/hard/libgcc.a(_udivmoddi4.o)
                              /opt/ST/STM32CubeCLT_1.19.0/GNU-tools-for-STM32/bin/../lib/gcc/arm-none-eabi/13.3.1/thumb/v7e-m+fp/hard/libgcc.a(_aeabi_uldivmod.o) (__udivmoddi4)
/opt/ST/STM32CubeCLT_1.19.0/GNU-tools-for-STM32/bin/../lib/gcc/arm-none-eabi/13.3.1/thumb/v7e-m+fp/hard/libgcc.a(_dvmd_tls.o)
                              /opt/ST/STM32CubeCLT_1.19.0/GNU-tools-for-STM32/bin/../lib/gcc/arm-none-eabi/13.3.1/thumb/v7e-m+fp/hard/libgcc.a(_aeabi_uldivmod.o) (__aeabi_ldiv0)
/opt/ST/STM32CubeCLT_1.19.0/GNU-tools-for-STM32/bin/../lib/gcc/arm-none-eabi/13.3.1/../../../../arm-none-eabi/lib/thumb/v7e-m+fp/hard/libg_nano.a(libc_a-exit.o)
                              /opt/ST/STM32CubeCLT_1.19.0/GNU-tools-for-STM32/bin/../lib/gcc/arm-none-eabi/13.3.1/../../../../arm-none-eabi/lib/thumb/v7e-m+fp/hard/crt0.o (exit)
/opt/ST/STM32CubeCLT_1.19.0/GNU-tools-for-STM32/bin/../lib/gcc/arm-none-eabi/13.3.1/../../../../arm-none-eabi/lib/thumb/v7e-m+fp/hard/libg_nano.a(libc_a-findfp.o)
                              /opt/ST/STM32CubeCLT_1.19.0/GNU-tools-for-STM32/bin/../lib/gcc/arm-none-eabi/13.3.1/../../../../arm-none-eabi/lib/thumb/v7e-m+fp/hard/libg_nano.a(libc_a-exit.o) (__stdio_exit_handler)
/opt/ST/STM32CubeCLT_1.19.0/GNU-tools-for-STM32/bin/../lib/gcc/arm-none-eabi/13.3.1/../../../../arm-none-eabi/lib/thumb/v7e-m+fp/hard/libg_nano.a(libc_a-fwalk.o)
                              /opt/ST/STM32CubeCLT_1.19.0/GNU-tools-for-STM32/bin/../lib/gcc/arm-none-eabi/13.3.1/../../../../arm-none-eabi/lib/thumb/v7e-m+fp/hard/libg_nano.a(libc_a-findfp.o) (_fwalk_sglue)
/opt/ST/STM32CubeCLT_1.19.0/GNU-tools-for-STM32/bin/../lib/gcc/arm-none-eabi/13.3.1/../../../../arm-none-eabi/lib/thumb/v7e-m+fp/hard/libg_nano.a(libc_a-memset.o)
                              /opt/ST/STM32CubeCLT_1.19.0/GNU-tools-for-STM32/bin/../lib/gcc/arm-none-eabi/13.3.1/../../../../arm-none-eabi/lib/thumb/v7e-m+fp/hard/crt0.o (memset)
/opt/ST/STM32CubeCLT_1.19.0/GNU-tools-for-STM32/bin/../lib/gcc/arm-none-eabi/13.3.1/../../../../arm-none-eabi/lib/thumb/v7e-m+fp/hard/libg_nano.a(libc_a-errno.o)
                              CMakeFiles/blinky2.dir/Core/Src/sysmem.c.obj (__errno)
/opt/ST/STM32CubeCLT_1.19.0/GNU-tools-for-STM32/bin/../lib/gcc/arm-none-eabi/13.3.1/../../../../arm-none-eabi/lib/thumb/v7e-m+fp/hard/libg_nano.a(libc_a-init.o)
                              /opt/ST/STM32CubeCLT_1.19.0/GNU-tools-for-STM32/bin/../lib/gcc/arm-none-eabi/13.3.1/../../../../arm-none-eabi/lib/thumb/v7e-m+fp/hard/crt0.o (__libc_init_array)
/opt/ST/STM32CubeCLT_1.19.0/GNU-tools-for-STM32/bin/../lib/gcc/arm-none-eabi/13.3.1/../../../../arm-none-eabi/lib/thumb/v7e-m+fp/hard/libg_nano.a(libc_a-lock.o)
                              /opt/ST/STM32CubeCLT_1.19.0/GNU-tools-for-STM32/bin/../lib/gcc/arm-none-eabi/13.3.1/../../../../arm-none-eabi/lib/thumb/v7e-m+fp/hard/libg_nano.a(libc_a-findfp.o) (__retarget_lock_init_recursive)
/opt/ST/STM32CubeCLT_1.19.0/GNU-tools-for-STM32/bin/../lib/gcc/arm-none-eabi/13.3.1/../../../../arm-none-eabi/lib/thumb/v7e-m+fp/hard/libg_nano.a(libc_a-impure.o)
                              /opt/ST/STM32CubeCLT_1.19.0/GNU-tools-for-STM32/bin/../lib/gcc/arm-none-eabi/13.3.1/../../../../arm-none-eabi/lib/thumb/v7e-m+fp/hard/libg_nano.a(libc_a-errno.o) (_impure_ptr)
/opt/ST/STM32CubeCLT_1.19.0/GNU-tools-for-STM32/bin/../lib/gcc/arm-none-eabi/13.3.1/../../../../arm-none-eabi/lib/thumb/v7e-m+fp/hard/libg_nano.a(libc_a-mallocr.o)
                              /opt/ST/STM32CubeCLT_1.19.0/GNU-tools-for-STM32/bin/../lib/gcc/arm-none-eabi/13.3.1/../../../../arm-none-eabi/lib/thumb/v7e-m+fp/hard/libg_nano.a(libc_a-findfp.o) (_malloc_r)
/opt/ST/STM32CubeCLT_1.19.0/GNU-tools-for-STM32/bin/../lib/gcc/arm-none-eabi/13.3.1/../../../../arm-none-eabi/lib/thumb/v7e-m+fp/hard/libg_nano.a(libc_a-fflush.o)
                              /opt/ST/STM32CubeCLT_1.19.0/GNU-tools-for-STM32/bin/../lib/gcc/arm-none-eabi/13.3.1/../../../../arm-none-eabi/lib/thumb/v7e-m+fp/hard/libg_nano.a(libc_a-findfp.o) (_fflush_r)
/opt/ST/STM32CubeCLT_1.19.0/GNU-tools-for-STM32/bin/../lib/gcc/arm-none-eabi/13.3.1/../../../../arm-none-eabi/lib/thumb/v7e-m+fp/hard/libg_nano.a(libc_a-mlock.o)
                              /opt/ST/STM32CubeCLT_1.19.0/GNU-tools-for-STM32/bin/../lib/gcc/arm-none-eabi/13.3.1/../../../../arm-none-eabi/lib/thumb/v7e-m+fp/hard/libg_nano.a(libc_a-mallocr.o) (__malloc_lock)
[...]
Memory Configuration

Name             Origin             Length             Attributes
RAM              0x20000000         0x00040000         xrw
FLASH            0x08000000         0x00080000         xr
*default*        0x00000000         0xffffffff

Linker script and memory map

LOAD /opt/ST/STM32CubeCLT_1.19.0/GNU-tools-for-STM32/bin/../lib/gcc/arm-none-eabi/13.3.1/thumb/v7e-m+fp/hard/crti.o
LOAD /opt/ST/STM32CubeCLT_1.19.0/GNU-tools-for-STM32/bin/../lib/gcc/arm-none-eabi/13.3.1/thumb/v7e-m+fp/hard/crtbegin.o
LOAD /opt/ST/STM32CubeCLT_1.19.0/GNU-tools-for-STM32/bin/../lib/gcc/arm-none-eabi/13.3.1/../../../../arm-none-eabi/lib/thumb/v7e-m+fp/hard/crt0.o
LOAD CMakeFiles/blinky2.dir/Core/Src/main.c.obj
LOAD CMakeFiles/blinky2.dir/Core/Src/gpio.c.obj
LOAD CMakeFiles/blinky2.dir/Core/Src/stm32f4xx_it.c.obj
LOAD CMakeFiles/blinky2.dir/Core/Src/stm32f4xx_hal_msp.c.obj
LOAD CMakeFiles/blinky2.dir/Core/Src/sysmem.c.obj
LOAD CMakeFiles/blinky2.dir/Core/Src/syscalls.c.obj
LOAD CMakeFiles/blinky2.dir/startup_stm32f412rx.s.obj
LOAD cmake/stm32cubemx/CMakeFiles/STM32_Drivers.dir/__/__/Core/Src/system_stm32f4xx.c.obj
LOAD cmake/stm32cubemx/CMakeFiles/STM32_Drivers.dir/__/__/Drivers/STM32F4xx_HAL_Driver/Src/stm32f4xx_hal_rcc.c.obj
LOAD cmake/stm32cubemx/CMakeFiles/STM32_Drivers.dir/__/__/Drivers/STM32F4xx_HAL_Driver/Src/stm32f4xx_hal_rcc_ex.c.obj
LOAD cmake/stm32cubemx/CMakeFiles/STM32_Drivers.dir/__/__/Drivers/STM32F4xx_HAL_Driver/Src/stm32f4xx_hal_flash.c.obj
LOAD cmake/stm32cubemx/CMakeFiles/STM32_Drivers.dir/__/__/Drivers/STM32F4xx_HAL_Driver/Src/stm32f4xx_hal_flash_ex.c.obj
LOAD cmake/stm32cubemx/CMakeFiles/STM32_Drivers.dir/__/__/Drivers/STM32F4xx_HAL_Driver/Src/stm32f4xx_hal_flash_ramfunc.c.obj
LOAD cmake/stm32cubemx/CMakeFiles/STM32_Drivers.dir/__/__/Drivers/STM32F4xx_HAL_Driver/Src/stm32f4xx_hal_gpio.c.obj
LOAD cmake/stm32cubemx/CMakeFiles/STM32_Drivers.dir/__/__/Drivers/STM32F4xx_HAL_Driver/Src/stm32f4xx_hal_dma_ex.c.obj
LOAD cmake/stm32cubemx/CMakeFiles/STM32_Drivers.dir/__/__/Drivers/STM32F4xx_HAL_Driver/Src/stm32f4xx_hal_dma.c.obj
LOAD cmake/stm32cubemx/CMakeFiles/STM32_Drivers.dir/__/__/Drivers/STM32F4xx_HAL_Driver/Src/stm32f4xx_hal_pwr.c.obj
LOAD cmake/stm32cubemx/CMakeFiles/STM32_Drivers.dir/__/__/Drivers/STM32F4xx_HAL_Driver/Src/stm32f4xx_hal_pwr_ex.c.obj
LOAD cmake/stm32cubemx/CMakeFiles/STM32_Drivers.dir/__/__/Drivers/STM32F4xx_HAL_Driver/Src/stm32f4xx_hal_cortex.c.obj
LOAD cmake/stm32cubemx/CMakeFiles/STM32_Drivers.dir/__/__/Drivers/STM32F4xx_HAL_Driver/Src/stm32f4xx_hal.c.obj
LOAD cmake/stm32cubemx/CMakeFiles/STM32_Drivers.dir/__/__/Drivers/STM32F4xx_HAL_Driver/Src/stm32f4xx_hal_exti.c.obj
LOAD /opt/ST/STM32CubeCLT_1.19.0/GNU-tools-for-STM32/bin/../lib/gcc/arm-none-eabi/13.3.1/../../../../arm-none-eabi/lib/thumb/v7e-m+fp/hard/libm.a
START GROUP
LOAD /opt/ST/STM32CubeCLT_1.19.0/GNU-tools-for-STM32/bin/../lib/gcc/arm-none-eabi/13.3.1/thumb/v7e-m+fp/hard/libgcc.a
LOAD /opt/ST/STM32CubeCLT_1.19.0/GNU-tools-for-STM32/bin/../lib/gcc/arm-none-eabi/13.3.1/../../../../arm-none-eabi/lib/thumb/v7e-m+fp/hard/libg_nano.a
LOAD /opt/ST/STM32CubeCLT_1.19.0/GNU-tools-for-STM32/bin/../lib/gcc/arm-none-eabi/13.3.1/../../../../arm-none-eabi/lib/thumb/v7e-m+fp/hard/libc_nano.a
END GROUP
START GROUP
LOAD /opt/ST/STM32CubeCLT_1.19.0/GNU-tools-for-STM32/bin/../lib/gcc/arm-none-eabi/13.3.1/thumb/v7e-m+fp/hard/libgcc.a
LOAD /opt/ST/STM32CubeCLT_1.19.0/GNU-tools-for-STM32/bin/../lib/gcc/arm-none-eabi/13.3.1/../../../../arm-none-eabi/lib/thumb/v7e-m+fp/hard/libc_nano.a
END GROUP
LOAD /opt/ST/STM32CubeCLT_1.19.0/GNU-tools-for-STM32/bin/../lib/gcc/arm-none-eabi/13.3.1/thumb/v7e-m+fp/hard/crtend.o
LOAD /opt/ST/STM32CubeCLT_1.19.0/GNU-tools-for-STM32/bin/../lib/gcc/arm-none-eabi/13.3.1/thumb/v7e-m+fp/hard/crtn.o
                0x20040000                        _estack = (ORIGIN (RAM) + LENGTH (RAM))
                0x00000200                        _Min_Heap_Size = 0x200
                0x00000400                        _Min_Stack_Size = 0x400

.isr_vector     0x08000000      0x1c4
                0x08000000                        . = ALIGN (0x4)
 *(.isr_vector)
 .isr_vector    0x08000000      0x1c4 CMakeFiles/blinky2.dir/startup_stm32f412rx.s.obj
                0x08000000                g_pfnVectors
                0x080001c4                        . = ALIGN (0x4)

.text           0x080001c4     0x1630
                0x080001c4                        . = ALIGN (0x4)
 *(.text)
 .text          0x080001c4       0x40 /opt/ST/STM32CubeCLT_1.19.0/GNU-tools-for-STM32/bin/../lib/gcc/arm-none-eabi/13.3.1/thumb/v7e-m+fp/hard/crtbegin.o
 .text          0x08000204       0x30 /opt/ST/STM32CubeCLT_1.19.0/GNU-tools-for-STM32/bin/../lib/gcc/arm-none-eabi/13.3.1/thumb/v7e-m+fp/hard/libgcc.a(_aeabi_uldivmod.o)
                0x08000204                __aeabi_uldivmod
 .text          0x08000234      0x2f8 /opt/ST/STM32CubeCLT_1.19.0/GNU-tools-for-STM32/bin/../lib/gcc/arm-none-eabi/13.3.1/thumb/v7e-m+fp/hard/libgcc.a(_udivmoddi4.o)
                0x08000234                __udivmoddi4
 .text          0x0800052c        0x4 /opt/ST/STM32CubeCLT_1.19.0/GNU-tools-for-STM32/bin/../lib/gcc/arm-none-eabi/13.3.1/thumb/v7e-m+fp/hard/libgcc.a(_dvmd_tls.o)
                0x0800052c                __aeabi_ldiv0
                0x0800052c                __aeabi_idiv0
 *(.text*)
 .text.main     0x08000530       0x28 CMakeFiles/blinky2.dir/Core/Src/main.c.obj
                0x08000530                main
 .text.SystemClock_Config
                0x08000558       0xc4 CMakeFiles/blinky2.dir/Core/Src/main.c.obj
                0x08000558                SystemClock_Config
 .text.Error_Handler
                0x0800061c        0xc CMakeFiles/blinky2.dir/Core/Src/main.c.obj
                0x0800061c                Error_Handler
 .text.MX_GPIO_Init
                0x08000628       0xac CMakeFiles/blinky2.dir/Core/Src/gpio.c.obj
                0x08000628                MX_GPIO_Init
 .text.NMI_Handler
                0x080006d4        0x8 CMakeFiles/blinky2.dir/Core/Src/stm32f4xx_it.c.obj
                0x080006d4                NMI_Handler
 .text.HardFault_Handler
                0x080006dc        0x8 CMakeFiles/blinky2.dir/Core/Src/stm32f4xx_it.c.obj
                0x080006dc                HardFault_Handler
 .text.MemManage_Handler
                0x080006e4        0x8 CMakeFiles/blinky2.dir/Core/Src/stm32f4xx_it.c.obj
                0x080006e4                MemManage_Handler
 .text.BusFault_Handler
                0x080006ec        0x8 CMakeFiles/blinky2.dir/Core/Src/stm32f4xx_it.c.obj
                0x080006ec                BusFault_Handler
 .text.UsageFault_Handler
                0x080006f4        0x8 CMakeFiles/blinky2.dir/Core/Src/stm32f4xx_it.c.obj
                0x080006f4                UsageFault_Handler
 .text.SVC_Handler
                0x080006fc        0xe CMakeFiles/blinky2.dir/Core/Src/stm32f4xx_it.c.obj
                0x080006fc                SVC_Handler
 .text.DebugMon_Handler
                0x0800070a        0xe CMakeFiles/blinky2.dir/Core/Src/stm32f4xx_it.c.obj
                0x0800070a                DebugMon_Handler
 .text.PendSV_Handler
                0x08000718        0xe CMakeFiles/blinky2.dir/Core/Src/stm32f4xx_it.c.obj
                0x08000718                PendSV_Handler
 .text.SysTick_Handler
                0x08000726        0xc CMakeFiles/blinky2.dir/Core/Src/stm32f4xx_it.c.obj
                0x08000726                SysTick_Handler
 *fill*         0x08000732        0x2 
 .text.HAL_MspInit
                0x08000734       0x50 CMakeFiles/blinky2.dir/Core/Src/stm32f4xx_hal_msp.c.obj
                0x08000734                HAL_MspInit
 .text.Reset_Handler
                0x08000784       0x50 CMakeFiles/blinky2.dir/startup_stm32f412rx.s.obj
                0x08000784                Reset_Handler
 .text.Default_Handler
                0x080007d4        0x2 CMakeFiles/blinky2.dir/startup_stm32f412rx.s.obj
                0x080007d4                DMA1_Stream3_IRQHandler
                0x080007d4                EXTI2_IRQHandler
                0x080007d4                TIM8_CC_IRQHandler
                0x080007d4                FMPI2C1_EV_IRQHandler
                0x080007d4                SPI4_IRQHandler
                0x080007d4                TIM1_CC_IRQHandler
                0x080007d4                DMA2_Stream5_IRQHandler
                0x080007d4                DMA1_Stream5_IRQHandler
                0x080007d4                TIM6_IRQHandler
                0x080007d4                PVD_IRQHandler
                0x080007d4                SDIO_IRQHandler
                0x080007d4                TAMP_STAMP_IRQHandler
                0x080007d4                CAN2_RX1_IRQHandler
                0x080007d4                EXTI3_IRQHandler
                0x080007d4                TIM8_TRG_COM_TIM14_IRQHandler
                0x080007d4                DFSDM1_FLT1_IRQHandler
                0x080007d4                TIM1_UP_TIM10_IRQHandler
                0x080007d4                TIM8_UP_TIM13_IRQHandler
                0x080007d4                I2C3_ER_IRQHandler
                0x080007d4                EXTI0_IRQHandler
                0x080007d4                I2C2_EV_IRQHandler
                0x080007d4                DMA1_Stream2_IRQHandler
                0x080007d4                CAN1_RX0_IRQHandler
                0x080007d4                FPU_IRQHandler
                0x080007d4                CAN2_SCE_IRQHandler
                0x080007d4                DMA2_Stream2_IRQHandler
                0x080007d4                SPI1_IRQHandler
                0x080007d4                TIM1_BRK_TIM9_IRQHandler
                0x080007d4                CAN2_RX0_IRQHandler
                0x080007d4                DMA2_Stream3_IRQHandler
                0x080007d4                USART6_IRQHandler
                0x080007d4                USART3_IRQHandler
                0x080007d4                CAN1_RX1_IRQHandler
                0x080007d4                DMA2_Stream0_IRQHandler
                0x080007d4                TIM4_IRQHandler
                0x080007d4                QUADSPI_IRQHandler
                0x080007d4                I2C1_EV_IRQHandler
                0x080007d4                DMA1_Stream6_IRQHandler
                0x080007d4                DMA1_Stream1_IRQHandler
                0x080007d4                TIM3_IRQHandler
                0x080007d4                RCC_IRQHandler
                0x080007d4                TIM8_BRK_TIM12_IRQHandler
                0x080007d4                Default_Handler
                0x080007d4                EXTI15_10_IRQHandler
                0x080007d4                ADC_IRQHandler
                0x080007d4                DMA1_Stream7_IRQHandler
                0x080007d4                SPI5_IRQHandler
                0x080007d4                TIM7_IRQHandler
                0x080007d4                CAN2_TX_IRQHandler
                0x080007d4                TIM5_IRQHandler
                0x080007d4                DMA2_Stream7_IRQHandler
                0x080007d4                I2C3_EV_IRQHandler
                0x080007d4                EXTI9_5_IRQHandler
                0x080007d4                RTC_WKUP_IRQHandler
                0x080007d4                SPI2_IRQHandler
                0x080007d4                DMA1_Stream0_IRQHandler
                0x080007d4                CAN1_TX_IRQHandler
                0x080007d4                FMPI2C1_ER_IRQHandler
                0x080007d4                EXTI4_IRQHandler
                0x080007d4                RNG_IRQHandler
                0x080007d4                WWDG_IRQHandler
                0x080007d4                TIM2_IRQHandler
                0x080007d4                OTG_FS_WKUP_IRQHandler
                0x080007d4                TIM1_TRG_COM_TIM11_IRQHandler
                0x080007d4                EXTI1_IRQHandler
                0x080007d4                USART2_IRQHandler
                0x080007d4                DFSDM1_FLT0_IRQHandler
                0x080007d4                I2C2_ER_IRQHandler
                0x080007d4                DMA2_Stream1_IRQHandler
                0x080007d4                CAN1_SCE_IRQHandler
                0x080007d4                FLASH_IRQHandler
                0x080007d4                DMA2_Stream4_IRQHandler
                0x080007d4                USART1_IRQHandler
                0x080007d4                OTG_FS_IRQHandler
                0x080007d4                SPI3_IRQHandler
                0x080007d4                DMA1_Stream4_IRQHandler
                0x080007d4                I2C1_ER_IRQHandler
                0x080007d4                DMA2_Stream6_IRQHandler
                0x080007d4                RTC_Alarm_IRQHandler
 *fill*         0x080007d6        0x2 
 .text.SystemInit
                0x080007d8       0x24 cmake/stm32cubemx/CMakeFiles/STM32_Drivers.dir/__/__/Core/Src/system_stm32f4xx.c.obj
                0x080007d8                SystemInit
 .text.HAL_RCC_ClockConfig
                0x080007fc      0x1cc cmake/stm32cubemx/CMakeFiles/STM32_Drivers.dir/__/__/Drivers/STM32F4xx_HAL_Driver/Src/stm32f4xx_hal_rcc.c.obj
                0x080007fc                HAL_RCC_ClockConfig
 .text.HAL_RCC_MCOConfig
                0x080009c8       0xd0 cmake/stm32cubemx/CMakeFiles/STM32_Drivers.dir/__/__/Drivers/STM32F4xx_HAL_Driver/Src/stm32f4xx_hal_rcc.c.obj
                0x080009c8                HAL_RCC_MCOConfig
 .text.HAL_RCC_GetSysClockFreq
                0x08000a98      0x18c cmake/stm32cubemx/CMakeFiles/STM32_Drivers.dir/__/__/Drivers/STM32F4xx_HAL_Driver/Src/stm32f4xx_hal_rcc.c.obj
                0x08000a98                HAL_RCC_GetSysClockFreq
 .text.HAL_RCC_OscConfig
                0x08000c24      0x508 cmake/stm32cubemx/CMakeFiles/STM32_Drivers.dir/__/__/Drivers/STM32F4xx_HAL_Driver/Src/stm32f4xx_hal_rcc_ex.c.obj
                0x08000c24                HAL_RCC_OscConfig
 .text.HAL_GPIO_Init
                0x0800112c      0x2f8 cmake/stm32cubemx/CMakeFiles/STM32_Drivers.dir/__/__/Drivers/STM32F4xx_HAL_Driver/Src/stm32f4xx_hal_gpio.c.obj
                0x0800112c                HAL_GPIO_Init
 .text.HAL_GPIO_WritePin
                0x08001424       0x32 cmake/stm32cubemx/CMakeFiles/STM32_Drivers.dir/__/__/Drivers/STM32F4xx_HAL_Driver/Src/stm32f4xx_hal_gpio.c.obj
                0x08001424                HAL_GPIO_WritePin
 .text.HAL_GPIO_TogglePin
                0x08001456       0x34 cmake/stm32cubemx/CMakeFiles/STM32_Drivers.dir/__/__/Drivers/STM32F4xx_HAL_Driver/Src/stm32f4xx_hal_gpio.c.obj
                0x08001456                HAL_GPIO_TogglePin
 *fill*         0x0800148a        0x2 
 .text.__NVIC_SetPriorityGrouping
                0x0800148c       0x48 cmake/stm32cubemx/CMakeFiles/STM32_Drivers.dir/__/__/Drivers/STM32F4xx_HAL_Driver/Src/stm32f4xx_hal_cortex.c.obj
 .text.__NVIC_GetPriorityGrouping
                0x080014d4       0x1c cmake/stm32cubemx/CMakeFiles/STM32_Drivers.dir/__/__/Drivers/STM32F4xx_HAL_Driver/Src/stm32f4xx_hal_cortex.c.obj
 .text.__NVIC_SetPriority
                0x080014f0       0x54 cmake/stm32cubemx/CMakeFiles/STM32_Drivers.dir/__/__/Drivers/STM32F4xx_HAL_Driver/Src/stm32f4xx_hal_cortex.c.obj
 .text.NVIC_EncodePriority
                0x08001544       0x66 cmake/stm32cubemx/CMakeFiles/STM32_Drivers.dir/__/__/Drivers/STM32F4xx_HAL_Driver/Src/stm32f4xx_hal_cortex.c.obj
 *fill*         0x080015aa        0x2 
 .text.SysTick_Config
                0x080015ac       0x44 cmake/stm32cubemx/CMakeFiles/STM32_Drivers.dir/__/__/Drivers/STM32F4xx_HAL_Driver/Src/stm32f4xx_hal_cortex.c.obj
 .text.HAL_NVIC_SetPriorityGrouping
                0x080015f0       0x16 cmake/stm32cubemx/CMakeFiles/STM32_Drivers.dir/__/__/Drivers/STM32F4xx_HAL_Driver/Src/stm32f4xx_hal_cortex.c.obj
                0x080015f0                HAL_NVIC_SetPriorityGrouping
 .text.HAL_NVIC_SetPriority
                0x08001606       0x38 cmake/stm32cubemx/CMakeFiles/STM32_Drivers.dir/__/__/Drivers/STM32F4xx_HAL_Driver/Src/stm32f4xx_hal_cortex.c.obj
                0x08001606                HAL_NVIC_SetPriority
 .text.HAL_SYSTICK_Config
                0x0800163e       0x18 cmake/stm32cubemx/CMakeFiles/STM32_Drivers.dir/__/__/Drivers/STM32F4xx_HAL_Driver/Src/stm32f4xx_hal_cortex.c.obj
                0x0800163e                HAL_SYSTICK_Config
 *fill*         0x08001656        0x2 
 .text.HAL_Init
                0x08001658       0x44 cmake/stm32cubemx/CMakeFiles/STM32_Drivers.dir/__/__/Drivers/STM32F4xx_HAL_Driver/Src/stm32f4xx_hal.c.obj
                0x08001658                HAL_Init
 .text.HAL_InitTick
                0x0800169c       0x60 cmake/stm32cubemx/CMakeFiles/STM32_Drivers.dir/__/__/Drivers/STM32F4xx_HAL_Driver/Src/stm32f4xx_hal.c.obj
                0x0800169c                HAL_InitTick
 .text.HAL_IncTick
                0x080016fc       0x28 cmake/stm32cubemx/CMakeFiles/STM32_Drivers.dir/__/__/Drivers/STM32F4xx_HAL_Driver/Src/stm32f4xx_hal.c.obj
                0x080016fc                HAL_IncTick
 .text.HAL_GetTick
                0x08001724       0x18 cmake/stm32cubemx/CMakeFiles/STM32_Drivers.dir/__/__/Drivers/STM32F4xx_HAL_Driver/Src/stm32f4xx_hal.c.obj
                0x08001724                HAL_GetTick
 .text.HAL_Delay
                0x0800173c       0x48 cmake/stm32cubemx/CMakeFiles/STM32_Drivers.dir/__/__/Drivers/STM32F4xx_HAL_Driver/Src/stm32f4xx_hal.c.obj
                0x0800173c                HAL_Delay
 .text.memset   0x08001784       0x10 /opt/ST/STM32CubeCLT_1.19.0/GNU-tools-for-STM32/bin/../lib/gcc/arm-none-eabi/13.3.1/../../../../arm-none-eabi/lib/thumb/v7e-m+fp/hard/libg_nano.a(libc_a-memset.o)
                0x08001784                memset
 .text.__libc_init_array
                0x08001794       0x48 /opt/ST/STM32CubeCLT_1.19.0/GNU-tools-for-STM32/bin/../lib/gcc/arm-none-eabi/13.3.1/../../../../arm-none-eabi/lib/thumb/v7e-m+fp/hard/libg_nano.a(libc_a-init.o)
                0x08001794                __libc_init_array
 *(.glue_7)
 .glue_7        0x080017dc        0x0 linker stubs
 *(.glue_7t)
 .glue_7t       0x080017dc        0x0 linker stubs
 *(.eh_frame)
 .eh_frame      0x080017dc        0x0 /opt/ST/STM32CubeCLT_1.19.0/GNU-tools-for-STM32/bin/../lib/gcc/arm-none-eabi/13.3.1/thumb/v7e-m+fp/hard/crtbegin.o
 *(.init)
 .init          0x080017dc        0x4 /opt/ST/STM32CubeCLT_1.19.0/GNU-tools-for-STM32/bin/../lib/gcc/arm-none-eabi/13.3.1/thumb/v7e-m+fp/hard/crti.o
                0x080017dc                _init
 .init          0x080017e0        0x8 /opt/ST/STM32CubeCLT_1.19.0/GNU-tools-for-STM32/bin/../lib/gcc/arm-none-eabi/13.3.1/thumb/v7e-m+fp/hard/crtn.o
 *(.fini)
 .fini          0x080017e8        0x4 /opt/ST/STM32CubeCLT_1.19.0/GNU-tools-for-STM32/bin/../lib/gcc/arm-none-eabi/13.3.1/thumb/v7e-m+fp/hard/crti.o
                0x080017e8                _fini
 .fini          0x080017ec        0x8 /opt/ST/STM32CubeCLT_1.19.0/GNU-tools-for-STM32/bin/../lib/gcc/arm-none-eabi/13.3.1/thumb/v7e-m+fp/hard/crtn.o
                0x080017f4                        . = ALIGN (0x4)
                0x080017f4                        _etext = .

.vfp11_veneer   0x080017f4        0x0
 .vfp11_veneer  0x080017f4        0x0 linker stubs

.v4_bx          0x080017f4        0x0
 .v4_bx         0x080017f4        0x0 linker stubs

.iplt           0x080017f4        0x0
 .iplt          0x080017f4        0x0 /opt/ST/STM32CubeCLT_1.19.0/GNU-tools-for-STM32/bin/../lib/gcc/arm-none-eabi/13.3.1/thumb/v7e-m+fp/hard/crtbegin.o

.rodata         0x080017f4       0x10
                0x080017f4                        . = ALIGN (0x4)
 *(.rodata)
 *(.rodata*)
 .rodata.AHBPrescTable
                0x080017f4       0x10 cmake/stm32cubemx/CMakeFiles/STM32_Drivers.dir/__/__/Core/Src/system_stm32f4xx.c.obj
                0x080017f4                AHBPrescTable
                0x08001804                        . = ALIGN (0x4)

.ARM.extab      0x08001804        0x0
                0x08001804                        . = ALIGN (0x4)
 *(.ARM.extab* .gnu.linkonce.armextab.*)
                0x08001804                        . = ALIGN (0x4)

.ARM            0x08001804        0x8
                0x08001804                        . = ALIGN (0x4)
                0x08001804                        __exidx_start = .
 *(.ARM.exidx*)
 .ARM.exidx     0x08001804        0x8 /opt/ST/STM32CubeCLT_1.19.0/GNU-tools-for-STM32/bin/../lib/gcc/arm-none-eabi/13.3.1/thumb/v7e-m+fp/hard/libgcc.a(_udivmoddi4.o)
                0x0800180c                        __exidx_end = .
                0x0800180c                        . = ALIGN (0x4)

.preinit_array  0x0800180c        0x0
                0x0800180c                        . = ALIGN (0x4)
                0x0800180c                        PROVIDE (__preinit_array_start = .)
 *(.preinit_array*)
                0x0800180c                        PROVIDE (__preinit_array_end = .)
                0x0800180c                        . = ALIGN (0x4)

.init_array     0x0800180c        0x4
                0x0800180c                        . = ALIGN (0x4)
                0x0800180c                        PROVIDE (__init_array_start = .)
 *(SORT_BY_NAME(.init_array.*))
 *(.init_array*)
 .init_array    0x0800180c        0x4 /opt/ST/STM32CubeCLT_1.19.0/GNU-tools-for-STM32/bin/../lib/gcc/arm-none-eabi/13.3.1/thumb/v7e-m+fp/hard/crtbegin.o
                0x08001810                        PROVIDE (__init_array_end = .)
                0x08001810                        . = ALIGN (0x4)

.fini_array     0x08001810        0x4
                0x08001810                        . = ALIGN (0x4)
                [!provide]                        PROVIDE (__fini_array_start = .)
 *(SORT_BY_NAME(.fini_array.*))
 *(.fini_array*)
 .fini_array    0x08001810        0x4 /opt/ST/STM32CubeCLT_1.19.0/GNU-tools-for-STM32/bin/../lib/gcc/arm-none-eabi/13.3.1/thumb/v7e-m+fp/hard/crtbegin.o
                [!provide]                        PROVIDE (__fini_array_end = .)
                0x08001814                        . = ALIGN (0x4)
                0x08001814                        _sidata = LOADADDR (.data)

.rel.dyn        0x08001814        0x0
 .rel.iplt      0x08001814        0x0 /opt/ST/STM32CubeCLT_1.19.0/GNU-tools-for-STM32/bin/../lib/gcc/arm-none-eabi/13.3.1/thumb/v7e-m+fp/hard/crtbegin.o

.data           0x20000000        0xc load address 0x08001814
                0x20000000                        . = ALIGN (0x4)
                0x20000000                        _sdata = .
 *(.data)
 *(.data*)
 .data.SystemCoreClock
                0x20000000        0x4 cmake/stm32cubemx/CMakeFiles/STM32_Drivers.dir/__/__/Core/Src/system_stm32f4xx.c.obj
                0x20000000                SystemCoreClock
 .data.uwTickPrio
                0x20000004        0x4 cmake/stm32cubemx/CMakeFiles/STM32_Drivers.dir/__/__/Drivers/STM32F4xx_HAL_Driver/Src/stm32f4xx_hal.c.obj
                0x20000004                uwTickPrio
 .data.uwTickFreq
                0x20000008        0x1 cmake/stm32cubemx/CMakeFiles/STM32_Drivers.dir/__/__/Drivers/STM32F4xx_HAL_Driver/Src/stm32f4xx_hal.c.obj
                0x20000008                uwTickFreq
 *(.RamFunc)
 *(.RamFunc*)
                0x2000000c                        . = ALIGN (0x4)
 *fill*         0x20000009        0x3 

.igot.plt       0x2000000c        0x0 load address 0x08001820
 .igot.plt      0x2000000c        0x0 /opt/ST/STM32CubeCLT_1.19.0/GNU-tools-for-STM32/bin/../lib/gcc/arm-none-eabi/13.3.1/thumb/v7e-m+fp/hard/crtbegin.o

.tdata          0x2000000c        0x0 load address 0x08001820
 *(.tdata .tdata.* .gnu.linkonce.td.*)
                0x2000000c                        . = ALIGN (0x4)
                0x2000000c                        _edata = .
                [!provide]                        PROVIDE (__data_end = .)
                [!provide]                        PROVIDE (__tdata_end = .)
                [!provide]                        PROVIDE (__tdata_start = ADDR (.tdata))
                [!provide]                        PROVIDE (__tdata_size = (__tdata_end - __tdata_start))
                [!provide]                        PROVIDE (__data_start = ADDR (.data))
                [!provide]                        PROVIDE (__data_size = (__data_end - __data_start))
                [!provide]                        PROVIDE (__tdata_source = LOADADDR (.tdata))
                [!provide]                        PROVIDE (__tdata_source_end = (LOADADDR (.tdata) + SIZEOF (.tdata)))
                [!provide]                        PROVIDE (__tdata_source_size = (__tdata_source_end - __tdata_source))
                [!provide]                        PROVIDE (__data_source = LOADADDR (.data))
                [!provide]                        PROVIDE (__data_source_end = __tdata_source_end)
                [!provide]                        PROVIDE (__data_source_size = (__data_source_end - __data_source))

.tbss           0x2000000c        0x0 load address 0x08001820
                0x2000000c                        _sbss = .
                0x2000000c                        __bss_start__ = _sbss
 *(.tbss .tbss.*)
                0x2000000c                        . = ALIGN (0x4)
                [!provide]                        PROVIDE (__tbss_end = .)
                [!provide]                        PROVIDE (__tbss_start = ADDR (.tbss))
                [!provide]                        PROVIDE (__tbss_size = (__tbss_end - __tbss_start))
                [!provide]                        PROVIDE (__tbss_offset = (ADDR (.tbss) - ADDR (.tdata)))
                [!provide]                        PROVIDE (__tls_base = __tdata_start)
                [!provide]                        PROVIDE (__tls_end = __tbss_end)
                [!provide]                        PROVIDE (__tls_size = (__tls_end - __tls_base))
                [!provide]                        PROVIDE (__tls_align = MAX (ALIGNOF (.tdata), ALIGNOF (.tbss)))
                [!provide]                        PROVIDE (__tls_size_align = (((__tls_size + __tls_align) - 0x1) & ~ ((__tls_align - 0x1))))
                [!provide]                        PROVIDE (__arm32_tls_tcb_offset = MAX (0x8, __tls_align))
                [!provide]                        PROVIDE (__arm64_tls_tcb_offset = MAX (0x10, __tls_align))

.bss            0x2000000c       0x20 load address 0x08001820
 *(.bss)
 .bss           0x2000000c       0x1c /opt/ST/STM32CubeCLT_1.19.0/GNU-tools-for-STM32/bin/../lib/gcc/arm-none-eabi/13.3.1/thumb/v7e-m+fp/hard/crtbegin.o
 *(.bss*)
 .bss.uwTick    0x20000028        0x4 cmake/stm32cubemx/CMakeFiles/STM32_Drivers.dir/__/__/Drivers/STM32F4xx_HAL_Driver/Src/stm32f4xx_hal.c.obj
                0x20000028                uwTick
 *(COMMON)
                0x2000002c                        . = ALIGN (0x4)
                0x2000002c                        _ebss = .
                0x2000002c                        __bss_end__ = _ebss
                [!provide]                        PROVIDE (__bss_end = .)
                [!provide]                        PROVIDE (__non_tls_bss_start = ADDR (.bss))
                [!provide]                        PROVIDE (__bss_start = __tbss_start)
                [!provide]                        PROVIDE (__bss_size = (__bss_end - __bss_start))

._user_heap_stack
                0x2000002c      0x604 load address 0x08001820
                0x20000030                        . = ALIGN (0x8)
 *fill*         0x2000002c        0x4 
                [!provide]                        PROVIDE (end = .)
                0x20000030                        PROVIDE (_end = .)
                0x20000230                        . = (. + _Min_Heap_Size)
 *fill*         0x20000030      0x200 
                0x20000630                        . = (. + _Min_Stack_Size)
 *fill*         0x20000230      0x400 
                0x20000630                        . = ALIGN (0x8)

/DISCARD/
 libc.a:*(*)
 libm.a:*(*)
 libgcc.a:*(*)
OUTPUT(blinky2.elf elf32-littlearm)
LOAD linker stubs

.ARM.attributes
                0x00000000       0x30
 .ARM.attributes
                0x00000000       0x22 /opt/ST/STM32CubeCLT_1.19.0/GNU-tools-for-STM32/bin/../lib/gcc/arm-none-eabi/13.3.1/thumb/v7e-m+fp/hard/crti.o
 .ARM.attributes
                0x00000022       0x34 /opt/ST/STM32CubeCLT_1.19.0/GNU-tools-for-STM32/bin/../lib/gcc/arm-none-eabi/13.3.1/thumb/v7e-m+fp/hard/crtbegin.o
 .ARM.attributes
                0x00000056       0x34 CMakeFiles/blinky2.dir/Core/Src/main.c.obj
 .ARM.attributes
                0x0000008a       0x34 CMakeFiles/blinky2.dir/Core/Src/gpio.c.obj
 .ARM.attributes
                0x000000be       0x34 CMakeFiles/blinky2.dir/Core/Src/stm32f4xx_it.c.obj
 .ARM.attributes
                0x000000f2       0x34 CMakeFiles/blinky2.dir/Core/Src/stm32f4xx_hal_msp.c.obj
 .ARM.attributes
                0x00000126       0x21 CMakeFiles/blinky2.dir/startup_stm32f412rx.s.obj
 .ARM.attributes
                0x00000147       0x34 cmake/stm32cubemx/CMakeFiles/STM32_Drivers.dir/__/__/Core/Src/system_stm32f4xx.c.obj
 .ARM.attributes
                0x0000017b       0x34 cmake/stm32cubemx/CMakeFiles/STM32_Drivers.dir/__/__/Drivers/STM32F4xx_HAL_Driver/Src/stm32f4xx_hal_rcc.c.obj
 .ARM.attributes
                0x000001af       0x34 cmake/stm32cubemx/CMakeFiles/STM32_Drivers.dir/__/__/Drivers/STM32F4xx_HAL_Driver/Src/stm32f4xx_hal_rcc_ex.c.obj
 .ARM.attributes
                0x000001e3       0x34 cmake/stm32cubemx/CMakeFiles/STM32_Drivers.dir/__/__/Drivers/STM32F4xx_HAL_Driver/Src/stm32f4xx_hal_gpio.c.obj
 .ARM.attributes
                0x00000217       0x34 cmake/stm32cubemx/CMakeFiles/STM32_Drivers.dir/__/__/Drivers/STM32F4xx_HAL_Driver/Src/stm32f4xx_hal_cortex.c.obj
 .ARM.attributes
                0x0000024b       0x34 cmake/stm32cubemx/CMakeFiles/STM32_Drivers.dir/__/__/Drivers/STM32F4xx_HAL_Driver/Src/stm32f4xx_hal.c.obj
 .ARM.attributes
                0x0000027f       0x22 /opt/ST/STM32CubeCLT_1.19.0/GNU-tools-for-STM32/bin/../lib/gcc/arm-none-eabi/13.3.1/thumb/v7e-m+fp/hard/libgcc.a(_aeabi_uldivmod.o)
 .ARM.attributes
                0x000002a1       0x34 /opt/ST/STM32CubeCLT_1.19.0/GNU-tools-for-STM32/bin/../lib/gcc/arm-none-eabi/13.3.1/thumb/v7e-m+fp/hard/libgcc.a(_udivmoddi4.o)
 .ARM.attributes
                0x000002d5       0x22 /opt/ST/STM32CubeCLT_1.19.0/GNU-tools-for-STM32/bin/../lib/gcc/arm-none-eabi/13.3.1/thumb/v7e-m+fp/hard/libgcc.a(_dvmd_tls.o)
 .ARM.attributes
                0x000002f7       0x34 /opt/ST/STM32CubeCLT_1.19.0/GNU-tools-for-STM32/bin/../lib/gcc/arm-none-eabi/13.3.1/../../../../arm-none-eabi/lib/thumb/v7e-m+fp/hard/libg_nano.a(libc_a-memset.o)
 .ARM.attributes
                0x0000032b       0x34 /opt/ST/STM32CubeCLT_1.19.0/GNU-tools-for-STM32/bin/../lib/gcc/arm-none-eabi/13.3.1/../../../../arm-none-eabi/lib/thumb/v7e-m+fp/hard/libg_nano.a(libc_a-init.o)
 .ARM.attributes
                0x0000035f       0x22 /opt/ST/STM32CubeCLT_1.19.0/GNU-tools-for-STM32/bin/../lib/gcc/arm-none-eabi/13.3.1/thumb/v7e-m+fp/hard/crtn.o

.comment        0x00000000       0x43
 .comment       0x00000000       0x43 CMakeFiles/blinky2.dir/Core/Src/main.c.obj
                                 0x44 (size before relaxing)
 .comment       0x00000043       0x44 CMakeFiles/blinky2.dir/Core/Src/gpio.c.obj
 .comment       0x00000043       0x44 CMakeFiles/blinky2.dir/Core/Src/stm32f4xx_it.c.obj
 .comment       0x00000043       0x44 CMakeFiles/blinky2.dir/Core/Src/stm32f4xx_hal_msp.c.obj
 .comment       0x00000043       0x44 cmake/stm32cubemx/CMakeFiles/STM32_Drivers.dir/__/__/Core/Src/system_stm32f4xx.c.obj
 .comment       0x00000043       0x44 cmake/stm32cubemx/CMakeFiles/STM32_Drivers.dir/__/__/Drivers/STM32F4xx_HAL_Driver/Src/stm32f4xx_hal_rcc.c.obj
 .comment       0x00000043       0x44 cmake/stm32cubemx/CMakeFiles/STM32_Drivers.dir/__/__/Drivers/STM32F4xx_HAL_Driver/Src/stm32f4xx_hal_rcc_ex.c.obj
 .comment       0x00000043       0x44 cmake/stm32cubemx/CMakeFiles/STM32_Drivers.dir/__/__/Drivers/STM32F4xx_HAL_Driver/Src/stm32f4xx_hal_gpio.c.obj
 .comment       0x00000043       0x44 cmake/stm32cubemx/CMakeFiles/STM32_Drivers.dir/__/__/Drivers/STM32F4xx_HAL_Driver/Src/stm32f4xx_hal_cortex.c.obj
 .comment       0x00000043       0x44 cmake/stm32cubemx/CMakeFiles/STM32_Drivers.dir/__/__/Drivers/STM32F4xx_HAL_Driver/Src/stm32f4xx_hal.c.obj
 .comment       0x00000043       0x44 /opt/ST/STM32CubeCLT_1.19.0/GNU-tools-for-STM32/bin/../lib/gcc/arm-none-eabi/13.3.1/../../../../arm-none-eabi/lib/thumb/v7e-m+fp/hard/libg_nano.a(libc_a-memset.o)
 .comment       0x00000043       0x44 /opt/ST/STM32CubeCLT_1.19.0/GNU-tools-for-STM32/bin/../lib/gcc/arm-none-eabi/13.3.1/../../../../arm-none-eabi/lib/thumb/v7e-m+fp/hard/libg_nano.a(libc_a-init.o)

.debug_info     0x00000000     0x43c1
 .debug_info    0x00000000      0x5e6 CMakeFiles/blinky2.dir/Core/Src/main.c.obj
 .debug_info    0x000005e6      0x419 CMakeFiles/blinky2.dir/Core/Src/gpio.c.obj
 .debug_info    0x000009ff      0x112 CMakeFiles/blinky2.dir/Core/Src/stm32f4xx_it.c.obj
 .debug_info    0x00000b11      0x299 CMakeFiles/blinky2.dir/Core/Src/stm32f4xx_hal_msp.c.obj
 .debug_info    0x00000daa       0x30 CMakeFiles/blinky2.dir/startup_stm32f412rx.s.obj
 .debug_info    0x00000dda      0x54a cmake/stm32cubemx/CMakeFiles/STM32_Drivers.dir/__/__/Core/Src/system_stm32f4xx.c.obj
 .debug_info    0x00001324      0x8ff cmake/stm32cubemx/CMakeFiles/STM32_Drivers.dir/__/__/Drivers/STM32F4xx_HAL_Driver/Src/stm32f4xx_hal_rcc.c.obj
 .debug_info    0x00001c23      0x7c4 cmake/stm32cubemx/CMakeFiles/STM32_Drivers.dir/__/__/Drivers/STM32F4xx_HAL_Driver/Src/stm32f4xx_hal_rcc_ex.c.obj
 .debug_info    0x000023e7      0x70b cmake/stm32cubemx/CMakeFiles/STM32_Drivers.dir/__/__/Drivers/STM32F4xx_HAL_Driver/Src/stm32f4xx_hal_gpio.c.obj
 .debug_info    0x00002af2      0xd7a cmake/stm32cubemx/CMakeFiles/STM32_Drivers.dir/__/__/Drivers/STM32F4xx_HAL_Driver/Src/stm32f4xx_hal_cortex.c.obj
 .debug_info    0x0000386c      0x96a cmake/stm32cubemx/CMakeFiles/STM32_Drivers.dir/__/__/Drivers/STM32F4xx_HAL_Driver/Src/stm32f4xx_hal.c.obj
 .debug_info    0x000041d6       0xe0 /opt/ST/STM32CubeCLT_1.19.0/GNU-tools-for-STM32/bin/../lib/gcc/arm-none-eabi/13.3.1/../../../../arm-none-eabi/lib/thumb/v7e-m+fp/hard/libg_nano.a(libc_a-memset.o)
 .debug_info    0x000042b6      0x10b /opt/ST/STM32CubeCLT_1.19.0/GNU-tools-for-STM32/bin/../lib/gcc/arm-none-eabi/13.3.1/../../../../arm-none-eabi/lib/thumb/v7e-m+fp/hard/libg_nano.a(libc_a-init.o)

.debug_abbrev   0x00000000     0x12f3
 .debug_abbrev  0x00000000      0x209 CMakeFiles/blinky2.dir/Core/Src/main.c.obj
 .debug_abbrev  0x00000209      0x152 CMakeFiles/blinky2.dir/Core/Src/gpio.c.obj
 .debug_abbrev  0x0000035b       0x73 CMakeFiles/blinky2.dir/Core/Src/stm32f4xx_it.c.obj
 .debug_abbrev  0x000003ce       0xd8 CMakeFiles/blinky2.dir/Core/Src/stm32f4xx_hal_msp.c.obj
 .debug_abbrev  0x000004a6       0x24 CMakeFiles/blinky2.dir/startup_stm32f412rx.s.obj
 .debug_abbrev  0x000004ca      0x11a cmake/stm32cubemx/CMakeFiles/STM32_Drivers.dir/__/__/Core/Src/system_stm32f4xx.c.obj
 .debug_abbrev  0x000005e4      0x2b7 cmake/stm32cubemx/CMakeFiles/STM32_Drivers.dir/__/__/Drivers/STM32F4xx_HAL_Driver/Src/stm32f4xx_hal_rcc.c.obj
 .debug_abbrev  0x0000089b      0x1ec cmake/stm32cubemx/CMakeFiles/STM32_Drivers.dir/__/__/Drivers/STM32F4xx_HAL_Driver/Src/stm32f4xx_hal_rcc_ex.c.obj
 .debug_abbrev  0x00000a87      0x1d4 cmake/stm32cubemx/CMakeFiles/STM32_Drivers.dir/__/__/Drivers/STM32F4xx_HAL_Driver/Src/stm32f4xx_hal_gpio.c.obj
 .debug_abbrev  0x00000c5b      0x31d cmake/stm32cubemx/CMakeFiles/STM32_Drivers.dir/__/__/Drivers/STM32F4xx_HAL_Driver/Src/stm32f4xx_hal_cortex.c.obj
 .debug_abbrev  0x00000f78      0x214 cmake/stm32cubemx/CMakeFiles/STM32_Drivers.dir/__/__/Drivers/STM32F4xx_HAL_Driver/Src/stm32f4xx_hal.c.obj
 .debug_abbrev  0x0000118c       0x9e /opt/ST/STM32CubeCLT_1.19.0/GNU-tools-for-STM32/bin/../lib/gcc/arm-none-eabi/13.3.1/../../../../arm-none-eabi/lib/thumb/v7e-m+fp/hard/libg_nano.a(libc_a-memset.o)
 .debug_abbrev  0x0000122a       0xc9 /opt/ST/STM32CubeCLT_1.19.0/GNU-tools-for-STM32/bin/../lib/gcc/arm-none-eabi/13.3.1/../../../../arm-none-eabi/lib/thumb/v7e-m+fp/hard/libg_nano.a(libc_a-init.o)

.debug_aranges  0x00000000      0x4c0
 .debug_aranges
                0x00000000       0x30 CMakeFiles/blinky2.dir/Core/Src/main.c.obj
 .debug_aranges
                0x00000030       0x20 CMakeFiles/blinky2.dir/Core/Src/gpio.c.obj
 .debug_aranges
                0x00000050       0x60 CMakeFiles/blinky2.dir/Core/Src/stm32f4xx_it.c.obj
 .debug_aranges
                0x000000b0       0x20 CMakeFiles/blinky2.dir/Core/Src/stm32f4xx_hal_msp.c.obj
 .debug_aranges
                0x000000d0       0x28 CMakeFiles/blinky2.dir/startup_stm32f412rx.s.obj
 .debug_aranges
                0x000000f8       0x28 cmake/stm32cubemx/CMakeFiles/STM32_Drivers.dir/__/__/Core/Src/system_stm32f4xx.c.obj
 .debug_aranges
                0x00000120       0x88 cmake/stm32cubemx/CMakeFiles/STM32_Drivers.dir/__/__/Drivers/STM32F4xx_HAL_Driver/Src/stm32f4xx_hal_rcc.c.obj
 .debug_aranges
                0x000001a8       0x60 cmake/stm32cubemx/CMakeFiles/STM32_Drivers.dir/__/__/Drivers/STM32F4xx_HAL_Driver/Src/stm32f4xx_hal_rcc_ex.c.obj
 .debug_aranges
                0x00000208       0x58 cmake/stm32cubemx/CMakeFiles/STM32_Drivers.dir/__/__/Drivers/STM32F4xx_HAL_Driver/Src/stm32f4xx_hal_gpio.c.obj
 .debug_aranges
                0x00000260      0x130 cmake/stm32cubemx/CMakeFiles/STM32_Drivers.dir/__/__/Drivers/STM32F4xx_HAL_Driver/Src/stm32f4xx_hal_cortex.c.obj
 .debug_aranges
                0x00000390       0xf0 cmake/stm32cubemx/CMakeFiles/STM32_Drivers.dir/__/__/Drivers/STM32F4xx_HAL_Driver/Src/stm32f4xx_hal.c.obj
 .debug_aranges
                0x00000480       0x20 /opt/ST/STM32CubeCLT_1.19.0/GNU-tools-for-STM32/bin/../lib/gcc/arm-none-eabi/13.3.1/../../../../arm-none-eabi/lib/thumb/v7e-m+fp/hard/libg_nano.a(libc_a-memset.o)
 .debug_aranges
                0x000004a0       0x20 /opt/ST/STM32CubeCLT_1.19.0/GNU-tools-for-STM32/bin/../lib/gcc/arm-none-eabi/13.3.1/../../../../arm-none-eabi/lib/thumb/v7e-m+fp/hard/libg_nano.a(libc_a-init.o)

.debug_rnglists
                0x00000000      0x361
 .debug_rnglists
                0x00000000       0x20 CMakeFiles/blinky2.dir/Core/Src/main.c.obj
 .debug_rnglists
                0x00000020       0x14 CMakeFiles/blinky2.dir/Core/Src/gpio.c.obj
 .debug_rnglists
                0x00000034       0x43 CMakeFiles/blinky2.dir/Core/Src/stm32f4xx_it.c.obj
 .debug_rnglists
                0x00000077       0x13 CMakeFiles/blinky2.dir/Core/Src/stm32f4xx_hal_msp.c.obj
 .debug_rnglists
                0x0000008a       0x19 CMakeFiles/blinky2.dir/startup_stm32f412rx.s.obj
 .debug_rnglists
                0x000000a3       0x1a cmake/stm32cubemx/CMakeFiles/STM32_Drivers.dir/__/__/Core/Src/system_stm32f4xx.c.obj
 .debug_rnglists
                0x000000bd       0x66 cmake/stm32cubemx/CMakeFiles/STM32_Drivers.dir/__/__/Drivers/STM32F4xx_HAL_Driver/Src/stm32f4xx_hal_rcc.c.obj
 .debug_rnglists
                0x00000123       0x4a cmake/stm32cubemx/CMakeFiles/STM32_Drivers.dir/__/__/Drivers/STM32F4xx_HAL_Driver/Src/stm32f4xx_hal_rcc_ex.c.obj
 .debug_rnglists
                0x0000016d       0x3f cmake/stm32cubemx/CMakeFiles/STM32_Drivers.dir/__/__/Drivers/STM32F4xx_HAL_Driver/Src/stm32f4xx_hal_gpio.c.obj
 .debug_rnglists
                0x000001ac       0xe0 cmake/stm32cubemx/CMakeFiles/STM32_Drivers.dir/__/__/Drivers/STM32F4xx_HAL_Driver/Src/stm32f4xx_hal_cortex.c.obj
 .debug_rnglists
                0x0000028c       0xaf cmake/stm32cubemx/CMakeFiles/STM32_Drivers.dir/__/__/Drivers/STM32F4xx_HAL_Driver/Src/stm32f4xx_hal.c.obj
 .debug_rnglists
                0x0000033b       0x13 /opt/ST/STM32CubeCLT_1.19.0/GNU-tools-for-STM32/bin/../lib/gcc/arm-none-eabi/13.3.1/../../../../arm-none-eabi/lib/thumb/v7e-m+fp/hard/libg_nano.a(libc_a-memset.o)
 .debug_rnglists
                0x0000034e       0x13 /opt/ST/STM32CubeCLT_1.19.0/GNU-tools-for-STM32/bin/../lib/gcc/arm-none-eabi/13.3.1/../../../../arm-none-eabi/lib/thumb/v7e-m+fp/hard/libg_nano.a(libc_a-init.o)

.debug_macro    0x00000000    0x1d9f6
 .debug_macro   0x00000000      0x1cd CMakeFiles/blinky2.dir/Core/Src/main.c.obj
 .debug_macro   0x000001cd      0xad8 CMakeFiles/blinky2.dir/Core/Src/main.c.obj
 .debug_macro   0x00000ca5      0x28f CMakeFiles/blinky2.dir/Core/Src/main.c.obj
 .debug_macro   0x00000f34       0x2e CMakeFiles/blinky2.dir/Core/Src/main.c.obj
 .debug_macro   0x00000f62       0x28 CMakeFiles/blinky2.dir/Core/Src/main.c.obj
 .debug_macro   0x00000f8a       0x22 CMakeFiles/blinky2.dir/Core/Src/main.c.obj
 .debug_macro   0x00000fac       0x8e CMakeFiles/blinky2.dir/Core/Src/main.c.obj
 .debug_macro   0x0000103a       0x51 CMakeFiles/blinky2.dir/Core/Src/main.c.obj
 .debug_macro   0x0000108b      0x103 CMakeFiles/blinky2.dir/Core/Src/main.c.obj
 .debug_macro   0x0000118e       0x6a CMakeFiles/blinky2.dir/Core/Src/main.c.obj
 .debug_macro   0x000011f8      0x1df CMakeFiles/blinky2.dir/Core/Src/main.c.obj
 .debug_macro   0x000013d7       0x1c CMakeFiles/blinky2.dir/Core/Src/main.c.obj
 .debug_macro   0x000013f3       0x22 CMakeFiles/blinky2.dir/Core/Src/main.c.obj
 .debug_macro   0x00001415       0xfb CMakeFiles/blinky2.dir/Core/Src/main.c.obj
 .debug_macro   0x00001510     0x1011 CMakeFiles/blinky2.dir/Core/Src/main.c.obj
 .debug_macro   0x00002521      0x11f CMakeFiles/blinky2.dir/Core/Src/main.c.obj
 .debug_macro   0x00002640    0x146b1 CMakeFiles/blinky2.dir/Core/Src/main.c.obj
 .debug_macro   0x00016cf1       0x6d CMakeFiles/blinky2.dir/Core/Src/main.c.obj
 .debug_macro   0x00016d5e     0x3693 CMakeFiles/blinky2.dir/Core/Src/main.c.obj
 .debug_macro   0x0001a3f1      0x190 CMakeFiles/blinky2.dir/Core/Src/main.c.obj
 .debug_macro   0x0001a581       0x5c CMakeFiles/blinky2.dir/Core/Src/main.c.obj
 .debug_macro   0x0001a5dd      0x902 CMakeFiles/blinky2.dir/Core/Src/main.c.obj
 .debug_macro   0x0001aedf      0x9e9 CMakeFiles/blinky2.dir/Core/Src/main.c.obj
 .debug_macro   0x0001b8c8      0x115 CMakeFiles/blinky2.dir/Core/Src/main.c.obj
 .debug_macro   0x0001b9dd      0x192 CMakeFiles/blinky2.dir/Core/Src/main.c.obj
 .debug_macro   0x0001bb6f       0xa5 CMakeFiles/blinky2.dir/Core/Src/main.c.obj
 .debug_macro   0x0001bc14      0x158 CMakeFiles/blinky2.dir/Core/Src/main.c.obj
 .debug_macro   0x0001bd6c      0x287 CMakeFiles/blinky2.dir/Core/Src/main.c.obj
 .debug_macro   0x0001bff3       0x5f CMakeFiles/blinky2.dir/Core/Src/main.c.obj
 .debug_macro   0x0001c052      0x236 CMakeFiles/blinky2.dir/Core/Src/main.c.obj
 .debug_macro   0x0001c288      0x132 CMakeFiles/blinky2.dir/Core/Src/main.c.obj
 .debug_macro   0x0001c3ba      0x29c CMakeFiles/blinky2.dir/Core/Src/main.c.obj
 .debug_macro   0x0001c656       0x2e CMakeFiles/blinky2.dir/Core/Src/main.c.obj
 .debug_macro   0x0001c684      0x127 CMakeFiles/blinky2.dir/Core/Src/main.c.obj
 .debug_macro   0x0001c7ab       0x91 CMakeFiles/blinky2.dir/Core/Src/main.c.obj
 .debug_macro   0x0001c83c       0x89 CMakeFiles/blinky2.dir/Core/Src/main.c.obj
 .debug_macro   0x0001c8c5      0x126 CMakeFiles/blinky2.dir/Core/Src/main.c.obj
 .debug_macro   0x0001c9eb       0x10 CMakeFiles/blinky2.dir/Core/Src/main.c.obj
 .debug_macro   0x0001c9fb      0x1c9 CMakeFiles/blinky2.dir/Core/Src/gpio.c.obj
 .debug_macro   0x0001cbc4      0x1c9 CMakeFiles/blinky2.dir/Core/Src/stm32f4xx_it.c.obj
 .debug_macro   0x0001cd8d      0x1bf CMakeFiles/blinky2.dir/Core/Src/stm32f4xx_hal_msp.c.obj
 .debug_macro   0x0001cf4c      0x1b0 cmake/stm32cubemx/CMakeFiles/STM32_Drivers.dir/__/__/Core/Src/system_stm32f4xx.c.obj
 .debug_macro   0x0001d0fc      0x1d4 cmake/stm32cubemx/CMakeFiles/STM32_Drivers.dir/__/__/Drivers/STM32F4xx_HAL_Driver/Src/stm32f4xx_hal_rcc.c.obj
 .debug_macro   0x0001d2d0      0x1b0 cmake/stm32cubemx/CMakeFiles/STM32_Drivers.dir/__/__/Drivers/STM32F4xx_HAL_Driver/Src/stm32f4xx_hal_rcc_ex.c.obj
 .debug_macro   0x0001d480      0x1b6 cmake/stm32cubemx/CMakeFiles/STM32_Drivers.dir/__/__/Drivers/STM32F4xx_HAL_Driver/Src/stm32f4xx_hal_gpio.c.obj
 .debug_macro   0x0001d636      0x1b0 cmake/stm32cubemx/CMakeFiles/STM32_Drivers.dir/__/__/Drivers/STM32F4xx_HAL_Driver/Src/stm32f4xx_hal_cortex.c.obj
 .debug_macro   0x0001d7e6      0x210 cmake/stm32cubemx/CMakeFiles/STM32_Drivers.dir/__/__/Drivers/STM32F4xx_HAL_Driver/Src/stm32f4xx_hal.c.obj

.debug_line     0x00000000     0x6a63
 .debug_line    0x00000000      0x7ad CMakeFiles/blinky2.dir/Core/Src/main.c.obj
 .debug_line    0x000007ad      0x74a CMakeFiles/blinky2.dir/Core/Src/gpio.c.obj
 .debug_line    0x00000ef7      0x7db CMakeFiles/blinky2.dir/Core/Src/stm32f4xx_it.c.obj
 .debug_line    0x000016d2      0x72c CMakeFiles/blinky2.dir/Core/Src/stm32f4xx_hal_msp.c.obj
 .debug_line    0x00001dfe       0x7a CMakeFiles/blinky2.dir/startup_stm32f412rx.s.obj
 .debug_line    0x00001e78      0x7a2 cmake/stm32cubemx/CMakeFiles/STM32_Drivers.dir/__/__/Core/Src/system_stm32f4xx.c.obj
 .debug_line    0x0000261a      0xe37 cmake/stm32cubemx/CMakeFiles/STM32_Drivers.dir/__/__/Drivers/STM32F4xx_HAL_Driver/Src/stm32f4xx_hal_rcc.c.obj
 .debug_line    0x00003451     0x10f2 cmake/stm32cubemx/CMakeFiles/STM32_Drivers.dir/__/__/Drivers/STM32F4xx_HAL_Driver/Src/stm32f4xx_hal_rcc_ex.c.obj
 .debug_line    0x00004543      0xb26 cmake/stm32cubemx/CMakeFiles/STM32_Drivers.dir/__/__/Drivers/STM32F4xx_HAL_Driver/Src/stm32f4xx_hal_gpio.c.obj
 .debug_line    0x00005069      0xcee cmake/stm32cubemx/CMakeFiles/STM32_Drivers.dir/__/__/Drivers/STM32F4xx_HAL_Driver/Src/stm32f4xx_hal_cortex.c.obj
 .debug_line    0x00005d57      0xa1e cmake/stm32cubemx/CMakeFiles/STM32_Drivers.dir/__/__/Drivers/STM32F4xx_HAL_Driver/Src/stm32f4xx_hal.c.obj
 .debug_line    0x00006775      0x17e /opt/ST/STM32CubeCLT_1.19.0/GNU-tools-for-STM32/bin/../lib/gcc/arm-none-eabi/13.3.1/../../../../arm-none-eabi/lib/thumb/v7e-m+fp/hard/libg_nano.a(libc_a-memset.o)
 .debug_line    0x000068f3      0x170 /opt/ST/STM32CubeCLT_1.19.0/GNU-tools-for-STM32/bin/../lib/gcc/arm-none-eabi/13.3.1/../../../../arm-none-eabi/lib/thumb/v7e-m+fp/hard/libg_nano.a(libc_a-init.o)

.debug_str      0x00000000    0xb3a74
 .debug_str     0x00000000    0xb3a74 CMakeFiles/blinky2.dir/Core/Src/main.c.obj
                              0xb20cd (size before relaxing)
 .debug_str     0x000b3a74    0xb1f69 CMakeFiles/blinky2.dir/Core/Src/gpio.c.obj
 .debug_str     0x000b3a74    0xb1dee CMakeFiles/blinky2.dir/Core/Src/stm32f4xx_it.c.obj
 .debug_str     0x000b3a74    0xb1e8c CMakeFiles/blinky2.dir/Core/Src/stm32f4xx_hal_msp.c.obj
 .debug_str     0x000b3a74       0xdc CMakeFiles/blinky2.dir/startup_stm32f412rx.s.obj
 .debug_str     0x000b3a74    0xb1f1f cmake/stm32cubemx/CMakeFiles/STM32_Drivers.dir/__/__/Core/Src/system_stm32f4xx.c.obj
 .debug_str     0x000b3a74    0xb2358 cmake/stm32cubemx/CMakeFiles/STM32_Drivers.dir/__/__/Drivers/STM32F4xx_HAL_Driver/Src/stm32f4xx_hal_rcc.c.obj
 .debug_str     0x000b3a74    0xb2258 cmake/stm32cubemx/CMakeFiles/STM32_Drivers.dir/__/__/Drivers/STM32F4xx_HAL_Driver/Src/stm32f4xx_hal_rcc_ex.c.obj
 .debug_str     0x000b3a74    0xb20a0 cmake/stm32cubemx/CMakeFiles/STM32_Drivers.dir/__/__/Drivers/STM32F4xx_HAL_Driver/Src/stm32f4xx_hal_gpio.c.obj
 .debug_str     0x000b3a74    0xb27d5 cmake/stm32cubemx/CMakeFiles/STM32_Drivers.dir/__/__/Drivers/STM32F4xx_HAL_Driver/Src/stm32f4xx_hal_cortex.c.obj
 .debug_str     0x000b3a74    0xb2a7d cmake/stm32cubemx/CMakeFiles/STM32_Drivers.dir/__/__/Drivers/STM32F4xx_HAL_Driver/Src/stm32f4xx_hal.c.obj
 .debug_str     0x000b3a74      0x211 /opt/ST/STM32CubeCLT_1.19.0/GNU-tools-for-STM32/bin/../lib/gcc/arm-none-eabi/13.3.1/../../../../arm-none-eabi/lib/thumb/v7e-m+fp/hard/libg_nano.a(libc_a-memset.o)
 .debug_str     0x000b3a74      0x272 /opt/ST/STM32CubeCLT_1.19.0/GNU-tools-for-STM32/bin/../lib/gcc/arm-none-eabi/13.3.1/../../../../arm-none-eabi/lib/thumb/v7e-m+fp/hard/libg_nano.a(libc_a-init.o)

.debug_frame    0x00000000     0x1004
 .debug_frame   0x00000000       0x68 CMakeFiles/blinky2.dir/Core/Src/main.c.obj
 .debug_frame   0x00000068       0x34 CMakeFiles/blinky2.dir/Core/Src/gpio.c.obj
 .debug_frame   0x0000009c      0x104 CMakeFiles/blinky2.dir/Core/Src/stm32f4xx_it.c.obj
 .debug_frame   0x000001a0       0x38 CMakeFiles/blinky2.dir/Core/Src/stm32f4xx_hal_msp.c.obj
 .debug_frame   0x000001d8       0x58 cmake/stm32cubemx/CMakeFiles/STM32_Drivers.dir/__/__/Core/Src/system_stm32f4xx.c.obj
 .debug_frame   0x00000230      0x1f4 cmake/stm32cubemx/CMakeFiles/STM32_Drivers.dir/__/__/Drivers/STM32F4xx_HAL_Driver/Src/stm32f4xx_hal_rcc.c.obj
 .debug_frame   0x00000424      0x16c cmake/stm32cubemx/CMakeFiles/STM32_Drivers.dir/__/__/Drivers/STM32F4xx_HAL_Driver/Src/stm32f4xx_hal_rcc_ex.c.obj
 .debug_frame   0x00000590      0x14c cmake/stm32cubemx/CMakeFiles/STM32_Drivers.dir/__/__/Drivers/STM32F4xx_HAL_Driver/Src/stm32f4xx_hal_gpio.c.obj
 .debug_frame   0x000006dc      0x508 cmake/stm32cubemx/CMakeFiles/STM32_Drivers.dir/__/__/Drivers/STM32F4xx_HAL_Driver/Src/stm32f4xx_hal_cortex.c.obj
 .debug_frame   0x00000be4      0x374 cmake/stm32cubemx/CMakeFiles/STM32_Drivers.dir/__/__/Drivers/STM32F4xx_HAL_Driver/Src/stm32f4xx_hal.c.obj
 .debug_frame   0x00000f58       0x2c /opt/ST/STM32CubeCLT_1.19.0/GNU-tools-for-STM32/bin/../lib/gcc/arm-none-eabi/13.3.1/thumb/v7e-m+fp/hard/libgcc.a(_aeabi_uldivmod.o)
 .debug_frame   0x00000f84       0x34 /opt/ST/STM32CubeCLT_1.19.0/GNU-tools-for-STM32/bin/../lib/gcc/arm-none-eabi/13.3.1/thumb/v7e-m+fp/hard/libgcc.a(_udivmoddi4.o)
 .debug_frame   0x00000fb8       0x20 /opt/ST/STM32CubeCLT_1.19.0/GNU-tools-for-STM32/bin/../lib/gcc/arm-none-eabi/13.3.1/../../../../arm-none-eabi/lib/thumb/v7e-m+fp/hard/libg_nano.a(libc_a-memset.o)
 .debug_frame   0x00000fd8       0x2c /opt/ST/STM32CubeCLT_1.19.0/GNU-tools-for-STM32/bin/../lib/gcc/arm-none-eabi/13.3.1/../../../../arm-none-eabi/lib/thumb/v7e-m+fp/hard/libg_nano.a(libc_a-init.o)

.debug_line_str
                0x00000000       0xc0
 .debug_line_str
                0x00000000       0xc0 CMakeFiles/blinky2.dir/startup_stm32f412rx.s.obj

.debug_loclists
                0x00000000       0x91
 .debug_loclists
                0x00000000       0x4d /opt/ST/STM32CubeCLT_1.19.0/GNU-tools-for-STM32/bin/../lib/gcc/arm-none-eabi/13.3.1/../../../../arm-none-eabi/lib/thumb/v7e-m+fp/hard/libg_nano.a(libc_a-memset.o)
 .debug_loclists
                0x0000004d       0x44 /opt/ST/STM32CubeCLT_1.19.0/GNU-tools-for-STM32/bin/../lib/gcc/arm-none-eabi/13.3.1/../../../../arm-none-eabi/lib/thumb/v7e-m+fp/hard/libg_nano.a(libc_a-init.o)
